// Jest Snapshot v1, https://goo.gl/fbAQLP

exports[`should render the TwitterDeputados section 1`] = `
<div>
  <WithStyles(ForwardRef(Grid))
    container={true}
  >
    <WithStyles(ForwardRef(Grid))
      item={true}
      xs={8}
    >
      <WithStyles(ForwardRef(Typography))
        style={
          Object {
            "color": "#007E5A",
          }
        }
        variant="h6"
      >
        Mais recentes 
      </WithStyles(ForwardRef(Typography))>
    </WithStyles(ForwardRef(Grid))>
    <WithStyles(ForwardRef(Grid))
      item={true}
      xs={4}
    >
      <WithStyles(ForwardRef(TextField))
        InputProps={
          Object {
            "endAdornment": <ForwardRef(WithStyles)
              position="start"
            >
              <UNDEFINED />
            </ForwardRef(WithStyles)>,
          }
        }
        id="input-search-agencia"
        onChange={[Function]}
        size="small"
      />
    </WithStyles(ForwardRef(Grid))>
    <WithStyles(ForwardRef(Grid))
      item={true}
      xs={12}
    >
      <Styled(MuiBox)
        paddingTop={3}
      >
        <List
          direction="ltr"
          height={250}
          itemCount={515}
          itemSize={44}
          layout="vertical"
          overscanCount={2}
          useIsScrolling={false}
        >
          <Component />
        </List>
      </Styled(MuiBox)>
    </WithStyles(ForwardRef(Grid))>
  </WithStyles(ForwardRef(Grid))>
</div>
`;
