// Jest Snapshot v1, https://goo.gl/fbAQLP

exports[`should render the content section 1`] = `
<WithStyles(ForwardRef(Grid))
  container={true}
>
  <WithStyles(ForwardRef(Grid))
    container={true}
  >
    <TitleRow />
  </WithStyles(ForwardRef(Grid))>
  <WithStyles(ForwardRef(Grid))
    container={true}
  >
    <Update />
  </WithStyles(ForwardRef(Grid))>
</WithStyles(ForwardRef(Grid))>
`;
