// Jest Snapshot v1, https://goo.gl/fbAQLP

exports[`snapshot should not have differences 1`] = `
<WithStyles(ForwardRef(Dialog))
  onClose={[Function]}
>
  <WithStyles(ForwardRef(DialogContent))>
    <WithStyles(ForwardRef(DialogContentText))>
      Insira no campo abaixo o link desejado
    </WithStyles(ForwardRef(DialogContentText))>
    <WithStyles(ForwardRef(TextField))
      autoFocus={true}
      fullWidth={true}
      id="name"
      label="Insira aqui o link"
      margin="dense"
      name="customURL"
      onChange={[Function]}
      type="text"
    />
  </WithStyles(ForwardRef(DialogContent))>
  <WithStyles(ForwardRef(DialogActions))>
    <WithStyles(ForwardRef(Button))
      color="primary"
      onClick={[Function]}
    >
      Cancelar
    </WithStyles(ForwardRef(Button))>
    <WithStyles(ForwardRef(Button))
      color="primary"
      disabled={true}
      onClick={[Function]}
    >
      Incorporar link
    </WithStyles(ForwardRef(Button))>
  </WithStyles(ForwardRef(DialogActions))>
</WithStyles(ForwardRef(Dialog))>
`;
