// Jest Snapshot v1, https://goo.gl/fbAQLP

exports[`should render the Preview Dialog 1`] = `
<PreviewDialog
  classes={
    Object {
      "previewModalFooter": "PreviewDialog-previewModalFooter-2",
      "previewModalSubmitButton": "PreviewDialog-previewModalSubmitButton-1",
      "sessionTitleAlert": "PreviewDialog-sessionTitleAlert-3",
      "time": "PreviewDialog-time-4",
    }
  }
  tweetID="1300777342864953345"
/>
`;
