// Jest Snapshot v1, https://goo.gl/fbAQLP

exports[`should render the content section 1`] = `
<WithStyles(ForwardRef(Grid))
  className="makeStyles-body-1"
  container={true}
>
  <WithStyles(ForwardRef(Grid))
    className="makeStyles-menu-2"
    item={true}
    md={3}
  >
    <WithStyles(ForwardRef(Tabs))
      aria-label="Vertical tabs example"
      className="makeStyles-tabs-6"
      classes={
        Object {
          "indicator": "makeStyles-tabIndicator-7",
        }
      }
      onChange={[Function]}
      orientation="vertical"
      value={0}
      variant="fullWidth"
    >
      <WithStyles(ForwardRef(Tab))
        aria-controls="full-width-tabpanel-0"
        id="full-width-tab-0"
        label="Conteúdos Salvos"
      />
      <WithStyles(ForwardRef(Tab))
        aria-controls="full-width-tabpanel-1"
        id="full-width-tab-1"
        label="Agência Câmara"
      />
      <WithStyles(ForwardRef(Tab))
        aria-controls="full-width-tabpanel-2"
        id="full-width-tab-2"
        label="TV Câmara"
      />
      <WithStyles(ForwardRef(Tab))
        aria-controls="full-width-tabpanel-3"
        id="full-width-tab-3"
        label="Rádio Câmara"
      />
      <WithStyles(ForwardRef(Tab))
        aria-controls="full-width-tabpanel-4"
        id="full-width-tab-4"
        label="Twitter"
      />
      <WithStyles(ForwardRef(Tab))
        aria-controls="full-width-tabpanel-5"
        id="full-width-tab-5"
        label="Glossário"
      />
    </WithStyles(ForwardRef(Tabs))>
  </WithStyles(ForwardRef(Grid))>
  <WithStyles(ForwardRef(Grid))
    item={true}
    md={9}
  >
    <TabPanel
      index={0}
      value={0}
    >
      <SavedContent />
    </TabPanel>
    <TabPanel
      index={1}
      style={
        Object {
          "paddingTop": 0,
        }
      }
      value={0}
    >
      <AgenciaCamaraContent />
    </TabPanel>
    <TabPanel
      index={2}
      value={0}
    >
      <TvCamaraContent />
    </TabPanel>
    <TabPanel
      index={3}
      value={0}
    >
      <RadioCamaraContent />
    </TabPanel>
    <TabPanel
      index={4}
      value={0}
    >
      <TwitterDeputadosContent />
    </TabPanel>
    <TabPanel
      index={5}
      value={0}
    >
      <GlossarioContent />
    </TabPanel>
  </WithStyles(ForwardRef(Grid))>
</WithStyles(ForwardRef(Grid))>
`;

exports[`should render the external content section 1`] = `
<Content
  classes={
    Object {
      "body": "Content-body-8",
      "card": "Content-card-15",
      "cardPlenary": "Content-cardPlenary-17",
      "cardVideo": "Content-cardVideo-16",
      "column": "Content-column-13",
      "firstRow": "Content-firstRow-14",
      "header": "Content-header-9",
      "headerMenu": "Content-headerMenu-11",
      "headerMenuItem": "Content-headerMenuItem-12",
      "headerTitle": "Content-headerTitle-10",
      "secondRow": "Content-secondRow-18",
      "thirdRow": "Content-thirdRow-19",
      "videoWrapper": "Content-videoWrapper-20",
    }
  }
  sessionId={1}
  sessionInfo={
    Object {
      "author": Object {
        "email": "a@a.com",
        "first_name": "",
        "id": 1,
        "is_superuser": true,
        "last_name": "",
        "profile": "editor",
        "username": "admin",
      },
      "date": "2020-09-01",
      "enable": true,
      "id": 1,
      "id_session_dados_abertos": "59895",
      "location": "plenary",
      "resume": "Resumo",
      "situation_session": "pre_session",
      "type_session": "virtual",
    }
  }
/>
`;
