// Jest Snapshot v1, https://goo.gl/fbAQLP

exports[`should render the Feed section 1`] = `
<WithStyles(ForwardRef(Grid))
  className="makeStyles-updatesArea-1"
  container={true}
>
  <WithStyles(ForwardRef(List))
    style={
      Object {
        "width": "100%",
      }
    }
  >
    <WithStyles(ForwardRef(ListItem))
      divider={true}
      key="1"
    >
      <WithStyles(ForwardRef(Grid))
        container={true}
      >
        <WithStyles(ForwardRef(Grid))
          item={true}
          xs={2}
        >
          <WithStyles(ForwardRef(Typography))
            variant="h6"
          >
            18:00
          </WithStyles(ForwardRef(Typography))>
        </WithStyles(ForwardRef(Grid))>
        <WithStyles(ForwardRef(Grid))
          item={true}
          xs={10}
        >
          <WithStyles(ForwardRef(Grid))
            className="makeStyles-itemHeader-2"
            container={true}
          >
            <WithStyles(ForwardRef(Typography))
              className="makeStyles-title-3"
              variant="h5"
            />
            <WithStyles(ForwardRef(Grid))
              item={true}
            >
              <img
                alt="more options icon"
                src="../../img/more_options_icon.svg"
              />
            </WithStyles(ForwardRef(Grid))>
          </WithStyles(ForwardRef(Grid))>
          <WithStyles(ForwardRef(Grid))
            className="makeStyles-timelinePost-4"
            container={true}
          >
            <div
              style={
                Object {
                  "width": "100%",
                }
              }
            >
              <WithStyles(ForwardRef(Typography))
                style={
                  Object {
                    "alignSelf": "flex-start",
                    "color": "#666",
                  }
                }
                variant="body1"
              >
                test
              </WithStyles(ForwardRef(Typography))>
            </div>
            <section
              style={
                Object {
                  "width": "100%",
                }
              }
            />
          </WithStyles(ForwardRef(Grid))>
        </WithStyles(ForwardRef(Grid))>
      </WithStyles(ForwardRef(Grid))>
    </WithStyles(ForwardRef(ListItem))>
  </WithStyles(ForwardRef(List))>
</WithStyles(ForwardRef(Grid))>
`;
