// Jest Snapshot v1, https://goo.gl/fbAQLP

exports[`snapshot should match 1`] = `
<WithStyles(ForwardRef(Grid))
  className="makeStyles-updatesArea-12"
  container={true}
>
  <WithStyles(ForwardRef(List))
    style={
      Object {
        "width": "100%",
      }
    }
  />
</WithStyles(ForwardRef(Grid))>
`;
