// Jest Snapshot v1, https://goo.gl/fbAQLP

exports[`should render the content section 1`] = `
<Fragment>
  <div
    className="makeStyles-body-1"
  >
    <WithStyles(ForwardRef(Grid))
      className="makeStyles-summaryBox-2"
      container={true}
    >
      <WithStyles(ForwardRef(Grid))
        className="makeStyles-summaryHeader-3"
        container={true}
      >
        <WithStyles(ForwardRef(Grid))
          item={true}
          md={6}
          style={
            Object {
              "display": "flex",
              "justifyContent": "flex-start",
            }
          }
        >
          <WithStyles(ForwardRef(Typography))
            variant="h5"
          >
             Resumo 
          </WithStyles(ForwardRef(Typography))>
        </WithStyles(ForwardRef(Grid))>
        <WithStyles(ForwardRef(Grid))
          item={true}
          md={6}
          style={
            Object {
              "display": "flex",
              "justifyContent": "flex-end",
            }
          }
        >
          <a
            href="/"
          >
            <img
              alt="up arrow icon"
              src="../../img/down-arrow.svg"
            />
          </a>
        </WithStyles(ForwardRef(Grid))>
      </WithStyles(ForwardRef(Grid))>
    </WithStyles(ForwardRef(Grid))>
    <WithStyles(ForwardRef(Grid))
      item={true}
      md={12}
    >
      <WithStyles(ForwardRef(Grid))
        container={true}
      >
        <form
          autoComplete="off"
          className="makeStyles-textArea-5"
          noValidate={true}
        >
          <WithStyles(ForwardRef(TextField))
            InputProps={
              Object {
                "classes": Object {
                  "notchedOutline": "makeStyles-notchedOutline-4",
                },
              }
            }
            bgcolor="white"
            className="makeStyles-textField-6"
            id="outlined-multiline-static"
            multiline={true}
            rows={4}
            variant="outlined"
          />
        </form>
      </WithStyles(ForwardRef(Grid))>
      <Styled(MuiBox)
        bgcolor="#F2F2F2"
        borderRadius="0 0 10px 25px"
        borderTop={1}
        color="#F2F2F2"
      >
        <WithStyles(ForwardRef(Grid))
          container={true}
        >
          <WithStyles(ForwardRef(Grid))
            item={true}
            style={
              Object {
                "display": "flex",
                "justifyContent": "flex-start",
              }
            }
            xs={8}
          />
          <WithStyles(ForwardRef(Grid))
            item={true}
            style={
              Object {
                "display": "flex",
                "justifyContent": "flex-end",
              }
            }
            xs={4}
          >
            <WithStyles(ForwardRef(Button))
              className="makeStyles-button-9"
              disableElevation={true}
              variant="contained"
            >
              Atualizar
            </WithStyles(ForwardRef(Button))>
          </WithStyles(ForwardRef(Grid))>
        </WithStyles(ForwardRef(Grid))>
      </Styled(MuiBox)>
    </WithStyles(ForwardRef(Grid))>
    <WithStyles(ForwardRef(Grid))
      className="makeStyles-summaryBox-2"
      container={true}
    >
      <WithStyles(ForwardRef(Grid))
        className="makeStyles-summaryHeader-3"
        container={true}
      >
        <WithStyles(ForwardRef(Grid))
          item={true}
          md={6}
          style={
            Object {
              "display": "flex",
              "justifyContent": "flex-start",
            }
          }
        >
          <WithStyles(ForwardRef(Typography))
            variant="h5"
          >
             Nova atualização 
          </WithStyles(ForwardRef(Typography))>
        </WithStyles(ForwardRef(Grid))>
        <WithStyles(ForwardRef(Grid))
          item={true}
          md={6}
          style={
            Object {
              "display": "flex",
              "justifyContent": "flex-end",
            }
          }
        />
      </WithStyles(ForwardRef(Grid))>
      <WithStyles(ForwardRef(Grid))
        item={true}
        md={12}
      >
        <WithStyles(ForwardRef(Grid))
          container={true}
        >
          <form
            autoComplete="off"
            className="makeStyles-textArea-5"
            noValidate={true}
          >
            <WithStyles(ForwardRef(TextField))
              InputProps={
                Object {
                  "classes": Object {
                    "notchedOutline": "makeStyles-notchedOutline-4",
                  },
                }
              }
              bgcolor="white"
              className="makeStyles-textField-6"
              id="outlined-multiline-static"
              multiline={true}
              name="updateText"
              onChange={[Function]}
              rows={4}
              variant="outlined"
            />
          </form>
        </WithStyles(ForwardRef(Grid))>
        <Styled(MuiBox)
          bgcolor="#F2F2F2"
          borderRadius="0 0 10px 25px"
          borderTop={1}
          color="#F2F2F2"
        >
          <WithStyles(ForwardRef(Grid))
            container={true}
          >
            <WithStyles(ForwardRef(Grid))
              className="makeStyles-submenu-11"
              item={true}
              xs={8}
            >
              <div
                className="makeStyles-subMenuItem-12"
              >
                <WithStyles(ForwardRef(Typography))
                  className="makeStyles-time-18"
                  variant="h6"
                >
                   18:00 
                </WithStyles(ForwardRef(Typography))>
              </div>
              <div
                className="makeStyles-subMenuItem-12"
              >
                <img
                  alt="divider icon"
                  src="../../img/divider.svg"
                />
              </div>
              <div
                className="makeStyles-subMenuItem-12"
              >
                <a
                  href="/"
                >
                  <img
                    alt="upload icon"
                    src="../../img/picture_upload.svg"
                  />
                </a>
              </div>
            </WithStyles(ForwardRef(Grid))>
            <WithStyles(ForwardRef(Grid))
              item={true}
              style={
                Object {
                  "display": "flex",
                  "justifyContent": "flex-end",
                }
              }
              xs={4}
            >
              <WithStyles(ForwardRef(Button))
                className="makeStyles-button-9"
                disableElevation={true}
                onClick={[Function]}
                variant="contained"
              >
                Atualizar
              </WithStyles(ForwardRef(Button))>
            </WithStyles(ForwardRef(Grid))>
          </WithStyles(ForwardRef(Grid))>
        </Styled(MuiBox)>
      </WithStyles(ForwardRef(Grid))>
    </WithStyles(ForwardRef(Grid))>
    <WithStyles(ForwardRef(Grid))
      className="makeStyles-updatesArea-13"
      container={true}
    >
      <WithStyles(ForwardRef(List))
        style={
          Object {
            "width": "100%",
          }
        }
      />
    </WithStyles(ForwardRef(Grid))>
  </div>
</Fragment>
`;
